# commands.log — created 2026-08-20T15:26:05.086Z
[2026-08-20T18:15:22.277Z] [COMMAND] Command: /help by reiduckk - SUCCESS
[2026-08-22T05:02:02.431Z] [COMMAND] Command: /cmd by reiduckk - SUCCESS {"ms":1770}
[2026-08-22T05:02:53.665Z] [COMMAND] Command: /cmd by reiduckk - SUCCESS {"ms":1462}
[2026-08-22T05:21:34.980Z] [COMMAND] Command: /cmd by reiduckk - SUCCESS {"ms":1475}
[2026-08-22T05:21:44.615Z] [COMMAND] Command: /cmd by reiduckk - SUCCESS {"ms":1401}
[2026-08-22T05:43:16.917Z] [COMMAND] Command: /cmd by reiduckk - SUCCESS {"ms":1179}
[2026-08-22T05:43:45.164Z] [COMMAND] Command: /cmd by reiduckk - SUCCESS {"shortcut":"pingtest"}
[2026-08-22T05:43:45.167Z] [COMMAND] Command: /cmd by reiduckk - SUCCESS {"ms":4362}
[2026-08-22T05:44:20.632Z] [COMMAND] Command: /cmd by reiduckk - SUCCESS {"shortcut":"pingtest"}
[2026-08-22T05:44:20.633Z] [COMMAND] Command: /cmd by reiduckk - SUCCESS {"ms":4566}
[2026-08-22T05:44:48.651Z] [COMMAND] Command: /cmd by reiduckk - SUCCESS {"shortcut":"pingtest"}
[2026-08-22T05:44:48.654Z] [COMMAND] Command: /cmd by reiduckk - SUCCESS {"ms":13073}
[2026-08-22T05:45:27.855Z] [COMMAND] Command: /help by reiduckk - SUCCESS {"ms":616}
[2026-08-22T05:46:18.137Z] [COMMAND] Command: /cmd by reiduckk - SUCCESS {"ms":1794}
[2026-08-22T06:44:54.910Z] [COMMAND] Command: /systeminfo by TestUser#0000 - SUCCESS {"section":"all"}
[2026-08-22T06:45:50.380Z] [COMMAND] Command: /cmd by reiduckk - SUCCESS {"shortcut":"ipconfig"}
[2026-08-22T06:45:50.381Z] [COMMAND] Command: /cmd by reiduckk - SUCCESS {"ms":1221}
[2026-08-22T06:46:14.246Z] [COMMAND] Command: /systeminfo by reiduckk - SUCCESS {"section":"all"}
[2026-08-22T06:46:14.247Z] [COMMAND] Command: /systeminfo by reiduckk - SUCCESS {"ms":1185}
[2026-08-22T06:46:39.464Z] [COMMAND] Command: /systeminfo by reiduckk - SUCCESS {"section":"all"}
[2026-08-22T06:46:39.465Z] [COMMAND] Command: /systeminfo by reiduckk - SUCCESS {"ms":1307}
[2026-08-22T06:55:45.605Z] [COMMAND] Command: /systeminfo by TestUser#0000 - SUCCESS {"section":"all"}
[2026-08-22T06:56:03.961Z] [COMMAND] Command: /systeminfo by reiduckk - SUCCESS {"section":"all"}
[2026-08-22T06:56:03.962Z] [COMMAND] Command: /systeminfo by reiduckk - SUCCESS {"ms":1242}
[2026-08-22T06:56:15.193Z] [COMMAND] Command: /systeminfo by reiduckk - SUCCESS {"section":"all"}
[2026-08-22T06:56:15.194Z] [COMMAND] Command: /systeminfo by reiduckk - SUCCESS {"ms":1221}
[2026-08-22T06:56:21.948Z] [COMMAND] Command: /help by reiduckk - SUCCESS {"ms":513}
[2026-08-22T06:56:46.609Z] [COMMAND] Command: /cmd by reiduckk - SUCCESS {"ms":1456}
[2026-08-22T06:56:58.466Z] [COMMAND] Command: /cmd by reiduckk - SUCCESS {"ms":1196}
[2026-08-22T06:57:14.513Z] [COMMAND] Command: /cmd by reiduckk - SUCCESS {"ms":2087}
[2026-08-22T07:14:05.451Z] [COMMAND] Command: /systeminfo by TestUser#0000 - SUCCESS {"section":"all"}
[2026-08-22T07:14:30.682Z] [COMMAND] Command: /cmd by reiduckk - SUCCESS {"shortcut":"dir"}
[2026-08-22T07:14:30.683Z] [COMMAND] Command: /cmd by reiduckk - SUCCESS {"ms":1532}
[2026-08-22T07:15:09.705Z] [COMMAND] Command: /systeminfo by reiduckk - SUCCESS {"section":"disks"}
[2026-08-22T07:15:09.709Z] [COMMAND] Command: /systeminfo by reiduckk - SUCCESS {"ms":1344}
[2026-08-22T07:15:24.542Z] [COMMAND] Command: /systeminfo by reiduckk - SUCCESS {"section":"all"}
[2026-08-22T07:15:24.545Z] [COMMAND] Command: /systeminfo by reiduckk - SUCCESS {"ms":1234}
[2026-08-22T07:15:43.703Z] [COMMAND] Command: /help by reiduckk - SUCCESS {"ms":834}
[2026-08-22T07:16:22.267Z] [COMMAND] Command: /note add by reiduckk - SUCCESS {"nid":"N001","title":"hello"}
[2026-08-22T07:16:22.826Z] [COMMAND] Command: /note by reiduckk - SUCCESS {"ms":573}
[2026-08-22T07:16:45.598Z] [COMMAND] Command: /help by reiduckk - SUCCESS {"ms":655}
[2026-08-22T07:35:49.214Z] [COMMAND] Command: /help by reiduckk - SUCCESS {"ms":867}
[2026-08-22T07:36:27.748Z] [COMMAND] Command: /note by reiduckk - SUCCESS {"ms":712}
[2026-08-22T07:36:44.645Z] [COMMAND] Command: /note by reiduckk - SUCCESS {"ms":494}
[2026-08-22T07:38:18.855Z] [COMMAND] Command: /note by reiduckk - SUCCESS {"ms":701}
[2026-08-22T07:54:19.948Z] [COMMAND] Command: /note insert by reiduckk - SUCCESS {"nid":"N002","title":"my first note","action":"create"}
[2026-08-22T07:54:20.646Z] [COMMAND] Command: /note by reiduckk - SUCCESS {"ms":709}
[2026-08-22T07:54:33.994Z] [COMMAND] Command: /note insert by reiduckk - SUCCESS {"nid":"N002","action":"overwrite"}
[2026-08-22T07:54:34.638Z] [COMMAND] Command: /note by reiduckk - SUCCESS {"ms":651}
[2026-08-22T07:54:59.927Z] [COMMAND] Command: /note append by reiduckk - SUCCESS {"nid":"N002","lines":1}
[2026-08-22T07:55:00.798Z] [COMMAND] Command: /note by reiduckk - SUCCESS {"ms":875}
[2026-08-22T07:55:16.403Z] [COMMAND] Command: /note by reiduckk - SUCCESS {"ms":872}
[2026-08-22T07:55:22.241Z] [COMMAND] Command: /note by reiduckk - SUCCESS {"ms":612}
[2026-08-22T07:55:50.727Z] [COMMAND] Command: /note push by reiduckk - SUCCESS {"nid":"N003","title":"note-20260822-155550"}
[2026-08-22T07:55:51.322Z] [COMMAND] Command: /note by reiduckk - SUCCESS {"ms":610}
[2026-08-22T07:56:07.531Z] [COMMAND] Command: /note by reiduckk - SUCCESS {"ms":845}
[2026-08-22T07:56:38.134Z] [COMMAND] Command: /note by reiduckk - SUCCESS {"ms":698}
[2026-08-22T07:59:29.653Z] [COMMAND] Command: /note pop by reiduckk - SUCCESS {"nid":"N003","title":"note-20260822-155550"}
[2026-08-22T07:59:30.410Z] [COMMAND] Command: /note by reiduckk - SUCCESS {"ms":765}
[2026-08-22T07:59:43.668Z] [COMMAND] Command: /note by reiduckk - SUCCESS {"ms":750}
[2026-08-22T08:09:50.477Z] [COMMAND] Command: /note by reiduckk - SUCCESS {"ms":715}
[2026-08-22T08:09:58.962Z] [COMMAND] Command: /note by reiduckk - SUCCESS {"ms":683}
[2026-08-22T08:10:09.989Z] [COMMAND] Command: /note by reiduckk - SUCCESS {"ms":586}
[2026-08-22T08:10:24.667Z] [COMMAND] Command: /note push by reiduckk - SUCCESS {"nid":"N4","title":"note-20260822-161024"}
[2026-08-22T08:10:24.675Z] [COMMAND] Command: /note push by reiduckk - SUCCESS {"nid":"N005","title":"note-20260822-161024"}
[2026-08-22T08:10:25.335Z] [COMMAND] Command: /note by reiduckk - SUCCESS {"ms":682}
[2026-08-22T08:10:37.611Z] [COMMAND] Command: /note by reiduckk - SUCCESS {"ms":599}
[2026-08-22T08:11:54.434Z] [COMMAND] Command: /cmd by reiduckk - SUCCESS {"shortcut":"dir"}
[2026-08-22T08:11:54.438Z] [COMMAND] Command: /cmd by reiduckk - SUCCESS {"ms":1412}
[2026-08-22T08:12:15.491Z] [COMMAND] Command: /cmd by reiduckk - SUCCESS {"shortcut":"dir"}
[2026-08-22T08:12:15.492Z] [COMMAND] Command: /cmd by reiduckk - SUCCESS {"ms":1308}
[2026-08-22T08:12:42.600Z] [COMMAND] Command: /help by reiduckk - SUCCESS {"ms":687}
[2026-08-22T08:13:54.854Z] [COMMAND] Command: /task add by reiduckk - SUCCESS {"tid":"T001","title":"Make a new definition"}
[2026-08-22T08:13:54.865Z] [COMMAND] Command: /task add by reiduckk - SUCCESS {"tid":"T002","title":"Make a new definition"}
[2026-08-22T08:13:55.563Z] [COMMAND] Command: /task by reiduckk - SUCCESS {"ms":717}
[2026-08-22T08:14:10.801Z] [COMMAND] Command: /help by reiduckk - SUCCESS {"ms":586}
