# errors.log — created 2026-08-20T15:26:05.085Z
[2026-08-20T16:52:53.738Z] [ERROR] storage.encryptedRead failed for "registry.enc" {"error":"Unsupported state or unable to authenticate data"}
[2026-08-20T16:55:55.736Z] [ERROR] storage.encryptedRead failed for "registry.enc" {"error":"Unsupported state or unable to authenticate data"}
[2026-08-20T16:57:33.732Z] [ERROR] storage.encryptedRead failed for "data/settings.enc" {"error":"Unsupported state or unable to authenticate data"}
[2026-08-20T16:57:36.153Z] [ERROR] storage.encryptedRead failed for "data/settings.enc" {"error":"Unsupported state or unable to authenticate data"}
[2026-08-20T17:04:35.986Z] [ERROR] storage.encryptedRead failed for "data/settings.enc" {"error":"Unsupported state or unable to authenticate data"}
[2026-08-20T17:35:54.567Z] [ERROR] storage.encryptedRead failed for "registry.enc" {"error":"Unsupported state or unable to authenticate data"}
[2026-08-20T17:35:54.573Z] [ERROR] storage.encryptedRead failed for "registry.enc" {"error":"Unsupported state or unable to authenticate data"}
[2026-08-20T17:36:36.221Z] [ERROR] storage.encryptedRead failed for "data/settings.enc" {"error":"Unsupported state or unable to authenticate data"}
[2026-08-20T17:36:41.841Z] [ERROR] storage.encryptedRead failed for "data/settings.enc" {"error":"Unsupported state or unable to authenticate data"}
[2026-08-20T17:43:42.718Z] [ERROR] storage.encryptedRead failed for "registry.enc" {"error":"Unsupported state or unable to authenticate data"}
[2026-08-20T17:43:42.723Z] [ERROR] storage.encryptedRead failed for "registry.enc" {"error":"Unsupported state or unable to authenticate data"}
[2026-08-20T17:45:11.765Z] [ERROR] storage.encryptedRead failed for "data/settings.enc" {"error":"Unsupported state or unable to authenticate data"}
[2026-08-20T17:45:14.262Z] [ERROR] storage.encryptedRead failed for "data/settings.enc" {"error":"Unsupported state or unable to authenticate data"}
[2026-08-20T17:46:42.301Z] [ERROR] storage.encryptedRead failed for "data/settings.enc" {"error":"Unsupported state or unable to authenticate data"}
[2026-08-20T17:52:58.303Z] [ERROR] storage.encryptedRead failed for "registry.enc" {"error":"Unsupported state or unable to authenticate data"}
[2026-08-20T17:52:58.306Z] [ERROR] storage.encryptedRead failed for "registry.enc" {"error":"Unsupported state or unable to authenticate data"}
[2026-08-20T18:05:36.118Z] [ERROR] storage.encryptedRead failed for "registry.enc" {"error":"Unsupported state or unable to authenticate data"}
[2026-08-20T18:05:36.122Z] [ERROR] storage.encryptedRead failed for "registry.enc" {"error":"Unsupported state or unable to authenticate data"}
[2026-08-20T18:06:49.989Z] [ERROR] storage.encryptedRead failed for "settings.enc" {"error":"Unsupported state or unable to authenticate data"}
[2026-08-20T18:07:06.923Z] [ERROR] storage.encryptedRead failed for "settings.enc" {"error":"Unsupported state or unable to authenticate data"}
[2026-08-20T18:07:32.582Z] [ERROR] storage.encryptedRead failed for "settings.enc" {"error":"Unsupported state or unable to authenticate data"}
[2026-08-20T18:07:32.969Z] [ERROR] storage.encryptedRead failed for "settings.enc" {"error":"Unsupported state or unable to authenticate data"}
[2026-08-20T18:07:32.980Z] [ERROR] storage.encryptedRead failed for "settings.enc" {"error":"Unsupported state or unable to authenticate data"}
[2026-08-20T18:07:32.981Z] [ERROR] storage.encryptedRead failed for "settings.enc" {"error":"Unsupported state or unable to authenticate data"}
[2026-08-20T18:12:43.060Z] [ERROR] storage.encryptedRead: key mismatch for "registry.enc" {"hint":"\"registry.enc\" was encrypted with a different SETTINGS_KEY.\n  Fix: delete data/registry.enc and re-run setup, OR restore the original SETTINGS_KEY in .env."}
[2026-08-20T18:12:43.068Z] [ERROR] storage.encryptedRead: key mismatch for "settings.enc" {"hint":"\"settings.enc\" was encrypted with a different SETTINGS_KEY.\n  Fix: delete data/settings.enc and re-run setup, OR restore the original SETTINGS_KEY in .env."}
[2026-08-20T18:12:43.070Z] [ERROR] storage.encryptedRead: key mismatch for "notes\notes.enc" {"hint":"\"notes\\notes.enc\" was encrypted with a different SETTINGS_KEY.\n  Fix: delete data/notes\\notes.enc and re-run setup, OR restore the original SETTINGS_KEY in .env."}
[2026-08-21T03:17:01.015Z] [ERROR] storage.encryptedRead: key mismatch for "registry.enc" {"hint":"\"registry.enc\" was encrypted with a different SETTINGS_KEY.\n  Fix: delete data/registry.enc and re-run setup, OR restore the original SETTINGS_KEY in .env."}
[2026-08-21T03:17:01.026Z] [ERROR] storage.encryptedRead: key mismatch for "settings.enc" {"hint":"\"settings.enc\" was encrypted with a different SETTINGS_KEY.\n  Fix: delete data/settings.enc and re-run setup, OR restore the original SETTINGS_KEY in .env."}
[2026-08-21T03:17:01.028Z] [ERROR] storage.encryptedRead: key mismatch for "notes\notes.enc" {"hint":"\"notes\\notes.enc\" was encrypted with a different SETTINGS_KEY.\n  Fix: delete data/notes\\notes.enc and re-run setup, OR restore the original SETTINGS_KEY in .env."}
[2026-08-21T03:29:31.017Z] [ERROR] storage.encryptedRead: key mismatch for "registry.enc" {"hint":"\"registry.enc\" was encrypted with a different SETTINGS_KEY.\n  Fix: delete data/registry.enc and re-run setup, OR restore the original SETTINGS_KEY in .env."}
[2026-08-21T03:29:31.020Z] [ERROR] storage.encryptedRead: key mismatch for "settings.enc" {"hint":"\"settings.enc\" was encrypted with a different SETTINGS_KEY.\n  Fix: delete data/settings.enc and re-run setup, OR restore the original SETTINGS_KEY in .env."}
[2026-08-21T03:29:31.022Z] [ERROR] storage.encryptedRead: key mismatch for "notes\notes.enc" {"hint":"\"notes\\notes.enc\" was encrypted with a different SETTINGS_KEY.\n  Fix: delete data/notes\\notes.enc and re-run setup, OR restore the original SETTINGS_KEY in .env."}
[2026-08-21T03:39:07.460Z] [ERROR] storage.encryptedRead: key mismatch for "registry.enc" {"hint":"\"registry.enc\" was encrypted with a different SETTINGS_KEY.\n  Fix: delete data/registry.enc and re-run setup, OR restore the original SETTINGS_KEY in .env."}
[2026-08-21T03:39:07.463Z] [ERROR] storage.encryptedRead: key mismatch for "settings.enc" {"hint":"\"settings.enc\" was encrypted with a different SETTINGS_KEY.\n  Fix: delete data/settings.enc and re-run setup, OR restore the original SETTINGS_KEY in .env."}
[2026-08-21T03:39:07.464Z] [ERROR] storage.encryptedRead: key mismatch for "notes\notes.enc" {"hint":"\"notes\\notes.enc\" was encrypted with a different SETTINGS_KEY.\n  Fix: delete data/notes\\notes.enc and re-run setup, OR restore the original SETTINGS_KEY in .env."}
[2026-08-22T04:59:37.020Z] [ERROR] storage.encryptedRead: key mismatch for "registry.enc" {"hint":"\"registry.enc\" was encrypted with a different SETTINGS_KEY.\n  Fix: delete data/registry.enc and re-run setup, OR restore the original SETTINGS_KEY in .env."}
[2026-08-22T04:59:37.032Z] [ERROR] storage.encryptedRead: key mismatch for "settings.enc" {"hint":"\"settings.enc\" was encrypted with a different SETTINGS_KEY.\n  Fix: delete data/settings.enc and re-run setup, OR restore the original SETTINGS_KEY in .env."}
[2026-08-22T04:59:37.034Z] [ERROR] storage.encryptedRead: key mismatch for "notes\notes.enc" {"hint":"\"notes\\notes.enc\" was encrypted with a different SETTINGS_KEY.\n  Fix: delete data/notes\\notes.enc and re-run setup, OR restore the original SETTINGS_KEY in .env."}
[2026-08-22T05:01:27.631Z] [ERROR] disks command failed {"error":"Command failed: Get-PSDrive -PSProvider FileSystem | Select-Object Name,Used,Free\n'Get-PSDrive' is not recognized as an internal or external command,\r\noperable program or batch file.\r\n"}
[2026-08-22T05:01:27.653Z] [ERROR] resources command failed {"error":"Command failed: Get-Process | Sort-Object CPU -Desc | Select-Object -First 10 Name,CPU,WorkingSet\n'Get-Process' is not recognized as an internal or external command,\r\noperable program or batch file.\r\n"}
[2026-08-22T05:16:15.100Z] [ERROR] storage.encryptedRead: key mismatch for "registry.enc" {"hint":"\"registry.enc\" was encrypted with a different SETTINGS_KEY.\n  Fix: delete data/registry.enc and re-run setup, OR restore the original SETTINGS_KEY in .env."}
[2026-08-22T05:16:15.106Z] [ERROR] storage.encryptedRead: key mismatch for "settings.enc" {"hint":"\"settings.enc\" was encrypted with a different SETTINGS_KEY.\n  Fix: delete data/settings.enc and re-run setup, OR restore the original SETTINGS_KEY in .env."}
[2026-08-22T05:16:15.108Z] [ERROR] storage.encryptedRead: key mismatch for "notes\notes.enc" {"hint":"\"notes\\notes.enc\" was encrypted with a different SETTINGS_KEY.\n  Fix: delete data/notes\\notes.enc and re-run setup, OR restore the original SETTINGS_KEY in .env."}
[2026-08-22T05:16:57.147Z] [ERROR] disks command failed {"error":"Command failed: Get-PSDrive -PSProvider FileSystem | Select-Object Name,Used,Free\n'Get-PSDrive' is not recognized as an internal or external command,\r\noperable program or batch file.\r\n"}
[2026-08-22T05:16:57.172Z] [ERROR] resources command failed {"error":"Command failed: Get-Process | Sort-Object CPU -Desc | Select-Object -First 10 Name,CPU,WorkingSet\n'Get-Process' is not recognized as an internal or external command,\r\noperable program or batch file.\r\n"}
[2026-08-22T05:20:55.193Z] [ERROR] storage.encryptedRead: key mismatch for "registry.enc" {"hint":"\"registry.enc\" was encrypted with a different SETTINGS_KEY.\n  Fix: delete data/registry.enc and re-run setup, OR restore the original SETTINGS_KEY in .env."}
[2026-08-22T05:20:55.197Z] [ERROR] storage.encryptedRead: key mismatch for "settings.enc" {"hint":"\"settings.enc\" was encrypted with a different SETTINGS_KEY.\n  Fix: delete data/settings.enc and re-run setup, OR restore the original SETTINGS_KEY in .env."}
[2026-08-22T05:20:55.198Z] [ERROR] storage.encryptedRead: key mismatch for "notes\notes.enc" {"hint":"\"notes\\notes.enc\" was encrypted with a different SETTINGS_KEY.\n  Fix: delete data/notes\\notes.enc and re-run setup, OR restore the original SETTINGS_KEY in .env."}
[2026-08-22T05:21:16.528Z] [ERROR] disks command failed {"error":"Command failed: Get-PSDrive -PSProvider FileSystem | Select-Object Name,Used,Free\n'Get-PSDrive' is not recognized as an internal or external command,\r\noperable program or batch file.\r\n"}
[2026-08-22T05:21:16.554Z] [ERROR] resources command failed {"error":"Command failed: Get-Process | Sort-Object CPU -Desc | Select-Object -First 10 Name,CPU,WorkingSet\n'Get-Process' is not recognized as an internal or external command,\r\noperable program or batch file.\r\n"}
[2026-08-22T05:43:16.257Z] [ERROR] queue: /cmd threw an error {"user":"reiduckk","error":"Unknown interaction","ms":481}
[2026-08-22T05:43:41.327Z] [ERROR] queue: /cmd threw an error {"user":"reiduckk","error":"Unknown interaction","ms":559}
[2026-08-22T05:44:16.616Z] [ERROR] queue: /cmd threw an error {"user":"reiduckk","error":"Unknown interaction","ms":535}
[2026-08-22T05:44:36.066Z] [ERROR] queue: /cmd threw an error {"user":"reiduckk","error":"Unknown interaction","ms":502}
[2026-08-22T05:45:27.794Z] [ERROR] queue: /help threw an error {"user":"reiduckk","error":"Unknown interaction","ms":539}
[2026-08-22T05:46:16.866Z] [ERROR] queue: /cmd threw an error {"user":"reiduckk","error":"Unknown interaction","ms":551}
[2026-08-22T06:43:44.879Z] [ERROR] storage.encryptedRead: key mismatch for "registry.enc" {"hint":"\"registry.enc\" was encrypted with a different SETTINGS_KEY.\n  Fix: delete data/registry.enc and re-run setup, OR restore the original SETTINGS_KEY in .env."}
[2026-08-22T06:43:44.881Z] [ERROR] storage.encryptedRead: key mismatch for "settings.enc" {"hint":"\"settings.enc\" was encrypted with a different SETTINGS_KEY.\n  Fix: delete data/settings.enc and re-run setup, OR restore the original SETTINGS_KEY in .env."}
[2026-08-22T06:43:44.882Z] [ERROR] storage.encryptedRead: key mismatch for "notes\notes.enc" {"hint":"\"notes\\notes.enc\" was encrypted with a different SETTINGS_KEY.\n  Fix: delete data/notes\\notes.enc and re-run setup, OR restore the original SETTINGS_KEY in .env."}
[2026-08-22T06:45:49.191Z] [ERROR] storage.encryptedRead: key mismatch for "registry.enc" {"hint":"\"registry.enc\" was encrypted with a different SETTINGS_KEY.\n  Fix: delete data/registry.enc and re-run setup, OR restore the original SETTINGS_KEY in .env."}
[2026-08-22T06:45:49.199Z] [ERROR] storage.encryptedRead: key mismatch for "settings.enc" {"hint":"\"settings.enc\" was encrypted with a different SETTINGS_KEY.\n  Fix: delete data/settings.enc and re-run setup, OR restore the original SETTINGS_KEY in .env."}
[2026-08-22T06:45:49.724Z] [ERROR] queue: /cmd threw an error {"user":"reiduckk","error":"Unknown interaction","ms":517}
[2026-08-22T06:46:03.932Z] [ERROR] queue: /systeminfo threw an error {"user":"reiduckk","error":"Unknown interaction","ms":472}
[2026-08-22T06:54:28.284Z] [ERROR] storage.encryptedRead: key mismatch for "registry.enc" {"hint":"\"registry.enc\" was encrypted with a different SETTINGS_KEY.\n  Fix: delete data/registry.enc and re-run setup, OR restore the original SETTINGS_KEY in .env."}
[2026-08-22T06:54:28.286Z] [ERROR] storage.encryptedRead: key mismatch for "settings.enc" {"hint":"\"settings.enc\" was encrypted with a different SETTINGS_KEY.\n  Fix: delete data/settings.enc and re-run setup, OR restore the original SETTINGS_KEY in .env."}
[2026-08-22T06:54:28.287Z] [ERROR] storage.encryptedRead: key mismatch for "notes\notes.enc" {"hint":"\"notes\\notes.enc\" was encrypted with a different SETTINGS_KEY.\n  Fix: delete data/notes\\notes.enc and re-run setup, OR restore the original SETTINGS_KEY in .env."}
[2026-08-22T06:56:45.957Z] [ERROR] cmd: "pingtest" failed {"user":"reiduckk","error":"Usage: ping [-t] [-a] [-n count] [-l size] [-f] [-i TTL] [-v TOS]\r\n            [-r count] [-s count] [[-j host-list] | [-k host-list]]\r\n            [-w timeout] [-R] [-S srcaddr] [-c compartment] [-p]\r\n            [-4] [-6] target_name\r\n\r\nOptions:\r\n    -t             Ping the specified host until st"}
[2026-08-22T06:56:57.924Z] [ERROR] cmd: "pingtest" failed {"user":"reiduckk","error":"Usage: ping [-t] [-a] [-n count] [-l size] [-f] [-i TTL] [-v TOS]\r\n            [-r count] [-s count] [[-j host-list] | [-k host-list]]\r\n            [-w timeout] [-R] [-S srcaddr] [-c compartment] [-p]\r\n            [-4] [-6] target_name\r\n\r\nOptions:\r\n    -t             Ping the specified host until st"}
[2026-08-22T06:57:13.134Z] [ERROR] cmd: "pingtest" failed {"user":"reiduckk","error":"Usage: ping [-t] [-a] [-n count] [-l size] [-f] [-i TTL] [-v TOS]\r\n            [-r count] [-s count] [[-j host-list] | [-k host-list]]\r\n            [-w timeout] [-R] [-S srcaddr] [-c compartment] [-p]\r\n            [-4] [-6] target_name\r\n\r\nOptions:\r\n    -t             Ping the specified host until st"}
[2026-08-22T07:12:34.299Z] [ERROR] storage.encryptedRead: key mismatch for "registry.enc" {"hint":"\"registry.enc\" was encrypted with a different SETTINGS_KEY.\n  Fix: delete data/registry.enc and re-run setup, OR restore the original SETTINGS_KEY in .env."}
[2026-08-22T07:12:34.303Z] [ERROR] storage.encryptedRead: key mismatch for "settings.enc" {"hint":"\"settings.enc\" was encrypted with a different SETTINGS_KEY.\n  Fix: delete data/settings.enc and re-run setup, OR restore the original SETTINGS_KEY in .env."}
[2026-08-22T07:12:34.305Z] [ERROR] storage.encryptedRead: key mismatch for "notes\notes.enc" {"hint":"\"notes\\notes.enc\" was encrypted with a different SETTINGS_KEY.\n  Fix: delete data/notes\\notes.enc and re-run setup, OR restore the original SETTINGS_KEY in .env."}
[2026-08-22T08:09:50.391Z] [ERROR] note command error {"sub":"list","error":"Unknown interaction"}
[2026-08-22T08:09:51.004Z] [ERROR] queue: /note threw an error {"user":"reiduckk","error":"Interaction has already been acknowledged.","ms":1210}
[2026-08-22T08:09:58.805Z] [ERROR] note command error {"sub":"list","error":"Unknown interaction"}
[2026-08-22T08:09:59.281Z] [ERROR] queue: /note threw an error {"user":"reiduckk","error":"Interaction has already been acknowledged.","ms":1002}
[2026-08-22T08:10:09.952Z] [ERROR] note command error {"sub":"list","error":"Unknown interaction"}
[2026-08-22T08:10:10.306Z] [ERROR] queue: /note threw an error {"user":"reiduckk","error":"Interaction has already been acknowledged.","ms":903}
[2026-08-22T08:10:25.443Z] [ERROR] note command error {"sub":"push","error":"Interaction has already been acknowledged."}
[2026-08-22T08:10:25.924Z] [ERROR] queue: /note threw an error {"user":"reiduckk","error":"Interaction has already been acknowledged.","ms":1268}
[2026-08-22T08:10:37.498Z] [ERROR] note command error {"sub":"list","error":"Unknown interaction"}
[2026-08-22T08:10:37.966Z] [ERROR] queue: /note threw an error {"user":"reiduckk","error":"Interaction has already been acknowledged.","ms":957}
[2026-08-22T08:11:53.430Z] [ERROR] queue: /cmd threw an error {"user":"reiduckk","error":"Unknown interaction","ms":409}
[2026-08-22T08:12:14.695Z] [ERROR] queue: /cmd threw an error {"user":"reiduckk","error":"Unknown interaction","ms":522}
[2026-08-22T08:12:42.386Z] [ERROR] queue: /help threw an error {"user":"reiduckk","error":"Unknown interaction","ms":474}
[2026-08-22T08:13:55.433Z] [ERROR] Task command error {"subcommand":"add","error":"Unknown interaction"}
[2026-08-22T08:13:55.946Z] [ERROR] queue: /task threw an error {"user":"reiduckk","error":"Interaction has already been acknowledged.","ms":1088}
[2026-08-22T08:14:10.794Z] [ERROR] queue: /help threw an error {"user":"reiduckk","error":"Unknown interaction","ms":595}
